C:\PocketBounty># Check git status first
'#' is not recognized as an internal or external command,
operable program or batch file.

C:\PocketBounty>git status
On branch main
Your branch is up to date with 'origin/main'.

Changes not staged for commit:
  (use "git add <file>..." to update what will be committed)
  (use "git restore <file>..." to discard changes in working directory)
  (commit or discard the untracked or modified content in submodules)
        modified:   PocketBounty (untracked content)

no changes added to commit (use "git add" and/or "git commit -a")

C:\PocketBounty>
C:\PocketBounty># Add the capacitor config file specifically
'#' is not recognized as an internal or external command,
operable program or batch file.

C:\PocketBounty>git add capacitor.config.cjs

C:\PocketBounty>
C:\PocketBounty># Check that it's staged
'#' is not recognized as an internal or external command,
operable program or batch file.

C:\PocketBounty>git status
On branch main
Your branch is up to date with 'origin/main'.

Changes not staged for commit:
  (use "git add <file>..." to update what will be committed)
  (use "git restore <file>..." to discard changes in working directory)
  (commit or discard the untracked or modified content in submodules)
        modified:   PocketBounty (untracked content)

no changes added to commit (use "git add" and/or "git commit -a")

C:\PocketBounty>
C:\PocketBounty># Now commit
'#' is not recognized as an internal or external command,
operable program or batch file.

C:\PocketBounty>git commit -m "Add correct Capacitor config with dist/public webDir"
On branch main
Your branch is up to date with 'origin/main'.

Changes not staged for commit:
  (use "git add <file>..." to update what will be committed)
  (use "git restore <file>..." to discard changes in working directory)
  (commit or discard the untracked or modified content in submodules)
        modified:   PocketBounty (untracked content)

no changes added to commit (use "git add" and/or "git commit -a")

C:\PocketBounty>
C:\PocketBounty># Push to GitHub
'#' is not recognized as an internal or external command,
operable program or batch file.

C:\PocketBounty>git push origin main
Everything up-to-date

C:\PocketBounty>